// Jest Snapshot v1, https://goo.gl/fbAQLP

exports[`should render expense 1`] = `
<div>
  <p>
    <Link
      replace={false}
      to="/edit/1"
    >
      Gum
       : 
      195
      , 
      0
    </Link>
  </p>
</div>
`;
